../Core/Src/main.c:92:6:HAL_TIM_PWM_PulseFinishedCallback	16	static
../Core/Src/main.c:98:6:Set_LED	24	static
../Core/Src/main.c:106:13:Set_Brightness	40	static
../Core/Src/main.c:124:13:WS2812_Send	32	static
../Core/Src/main.c:157:6:Reset_LED	16	static
../Core/Src/main.c:168:16:rainbow_effect_left	40	static
../Core/Src/main.c:203:16:rainbow_effect_right	40	static
../Core/Src/main.c:242:13:white_effect	16	static
../Core/Src/main.c:262:5:main	8	static
../Core/Src/main.c:340:6:SystemClock_Config	72	static
../Core/Src/main.c:380:13:MX_TIM3_Init	48	static
../Core/Src/main.c:429:13:MX_USART1_UART_Init	8	static
../Core/Src/main.c:460:13:MX_DMA_Init	16	static
../Core/Src/main.c:484:13:MX_GPIO_Init	24	static
../Core/Src/main.c:518:6:Error_Handler	4	static,ignoring_inline_asm
